   0..25   LineCommentChirho "-- This is a line comment"
  25..26   WhitespaceChirho "\\n"
  26..32   ModuleChirho "module"
  32..33   WhitespaceChirho " "
  33..41   ConIdChirho "Comments"
  41..42   WhitespaceChirho " "
  42..47   WhereChirho "where"
  47..49   WhitespaceChirho "\\n\\n"
  49..78   BlockCommentChirho "{- This is a block comment -}"
  78..80   WhitespaceChirho "\\n\\n"
  80..122  BlockCommentChirho "{- This is a\\n   multiline block comment -}"
 122..124  WhitespaceChirho "\\n\\n"
 124..156  BlockCommentChirho "{- Nested {- comments -} work -}"
 156..158  WhitespaceChirho "\\n\\n"
 158..183  DocCommentChirho "-- | Haddock line comment"
 183..184  WhitespaceChirho "\\n"
 184..199  LineCommentChirho "-- More Haddock"
 199..201  WhitespaceChirho "\\n\\n"
 201..229  DocCommentChirho "{-| Haddock block comment -}"
 229..231  WhitespaceChirho "\\n\\n"
 231..236  VarIdChirho "value"
 236..237  WhitespaceChirho " "
 237..238  EqualsChirho "="
 238..239  WhitespaceChirho " "
 239..241  IntLitChirho "42"
 241..242  WhitespaceChirho " "
 242..261  LineCommentChirho "-- trailing comment"
 261..262  WhitespaceChirho "\\n"
 262..262  EofChirho ""
