   0..6    ModuleChirho "module"
   7..13   ConIdChirho "Layout"
  14..19   WhereChirho "where"
  21..21   VirtualLeftBraceChirho ""
  21..22   VarIdChirho "f"
  23..24   VarIdChirho "x"
  25..26   EqualsChirho "="
  27..30   LetChirho "let"
  31..31   VirtualLeftBraceChirho ""
  31..32   VarIdChirho "a"
  33..34   EqualsChirho "="
  35..36   IntLitChirho "1"
  47..47   VirtualSemicolonChirho ""
  47..48   VarIdChirho "b"
  49..50   EqualsChirho "="
  51..52   IntLitChirho "2"
  59..59   VirtualRightBraceChirho ""
  59..61   InChirho "in"
  62..63   VarIdChirho "a"
  64..65   VarSymChirho "+"
  66..67   VarIdChirho "b"
  68..69   VarSymChirho "+"
  70..71   VarIdChirho "x"
  73..73   VirtualSemicolonChirho ""
  73..74   VarIdChirho "g"
  75..76   VarIdChirho "y"
  77..78   EqualsChirho "="
  79..83   CaseChirho "case"
  84..85   VarIdChirho "y"
  86..88   OfChirho "of"
  91..91   VirtualLeftBraceChirho ""
  91..98   ConIdChirho "Nothing"
  99..101  RightArrowChirho "->"
 102..103  IntLitChirho "0"
 106..106  VirtualSemicolonChirho ""
 106..110  ConIdChirho "Just"
 111..112  VarIdChirho "x"
 114..116  RightArrowChirho "->"
 117..118  VarIdChirho "x"
 120..120  VirtualRightBraceChirho ""
 120..120  VirtualSemicolonChirho ""
 120..121  VarIdChirho "h"
 122..123  EqualsChirho "="
 124..126  DoChirho "do"
 129..129  VirtualLeftBraceChirho ""
 129..137  VarIdChirho "putStrLn"
 138..145  StringLitChirho "\"hello\""
 148..148  VirtualSemicolonChirho ""
 148..156  VarIdChirho "putStrLn"
 157..164  StringLitChirho "\"world\""
 167..167  VirtualSemicolonChirho ""
 167..173  VarIdChirho "return"
 174..175  LeftParenChirho "("
 175..176  RightParenChirho ")"
 178..178  VirtualRightBraceChirho ""
 178..178  VirtualSemicolonChirho ""
 178..179  VarIdChirho "i"
 180..181  VarIdChirho "x"
 184..185  PipeChirho "|"
 186..187  VarIdChirho "x"
 188..189  VarSymChirho ">"
 190..191  IntLitChirho "0"
 196..197  EqualsChirho "="
 198..208  StringLitChirho "\"positive\""
 211..212  PipeChirho "|"
 213..214  VarIdChirho "x"
 215..216  VarSymChirho "<"
 217..218  IntLitChirho "0"
 223..224  EqualsChirho "="
 225..235  StringLitChirho "\"negative\""
 238..239  PipeChirho "|"
 240..249  VarIdChirho "otherwise"
 251..252  EqualsChirho "="
 253..259  StringLitChirho "\"zero\""
 260..260  VirtualRightBraceChirho ""
 260..260  EofChirho ""
