   0..6    ModuleChirho "module"
   6..7    WhitespaceChirho " "
   7..13   ConIdChirho "Layout"
  13..14   WhitespaceChirho " "
  14..19   WhereChirho "where"
  19..21   WhitespaceChirho "\\n\\n"
  21..22   VarIdChirho "f"
  22..23   WhitespaceChirho " "
  23..24   VarIdChirho "x"
  24..25   WhitespaceChirho " "
  25..26   EqualsChirho "="
  26..27   WhitespaceChirho " "
  27..30   LetChirho "let"
  30..31   WhitespaceChirho " "
  31..32   VarIdChirho "a"
  32..33   WhitespaceChirho " "
  33..34   EqualsChirho "="
  34..35   WhitespaceChirho " "
  35..36   IntLitChirho "1"
  36..47   WhitespaceChirho "\\n          "
  47..48   VarIdChirho "b"
  48..49   WhitespaceChirho " "
  49..50   EqualsChirho "="
  50..51   WhitespaceChirho " "
  51..52   IntLitChirho "2"
  52..59   WhitespaceChirho "\\n      "
  59..61   InChirho "in"
  61..62   WhitespaceChirho " "
  62..63   VarIdChirho "a"
  63..64   WhitespaceChirho " "
  64..65   VarSymChirho "+"
  65..66   WhitespaceChirho " "
  66..67   VarIdChirho "b"
  67..68   WhitespaceChirho " "
  68..69   VarSymChirho "+"
  69..70   WhitespaceChirho " "
  70..71   VarIdChirho "x"
  71..73   WhitespaceChirho "\\n\\n"
  73..74   VarIdChirho "g"
  74..75   WhitespaceChirho " "
  75..76   VarIdChirho "y"
  76..77   WhitespaceChirho " "
  77..78   EqualsChirho "="
  78..79   WhitespaceChirho " "
  79..83   CaseChirho "case"
  83..84   WhitespaceChirho " "
  84..85   VarIdChirho "y"
  85..86   WhitespaceChirho " "
  86..88   OfChirho "of"
  88..91   WhitespaceChirho "\\n  "
  91..98   ConIdChirho "Nothing"
  98..99   WhitespaceChirho " "
  99..101  RightArrowChirho "->"
 101..102  WhitespaceChirho " "
 102..103  IntLitChirho "0"
 103..106  WhitespaceChirho "\\n  "
 106..110  ConIdChirho "Just"
 110..111  WhitespaceChirho " "
 111..112  VarIdChirho "x"
 112..114  WhitespaceChirho "  "
 114..116  RightArrowChirho "->"
 116..117  WhitespaceChirho " "
 117..118  VarIdChirho "x"
 118..120  WhitespaceChirho "\\n\\n"
 120..121  VarIdChirho "h"
 121..122  WhitespaceChirho " "
 122..123  EqualsChirho "="
 123..124  WhitespaceChirho " "
 124..126  DoChirho "do"
 126..129  WhitespaceChirho "\\n  "
 129..137  VarIdChirho "putStrLn"
 137..138  WhitespaceChirho " "
 138..145  StringLitChirho "\"hello\""
 145..148  WhitespaceChirho "\\n  "
 148..156  VarIdChirho "putStrLn"
 156..157  WhitespaceChirho " "
 157..164  StringLitChirho "\"world\""
 164..167  WhitespaceChirho "\\n  "
 167..173  VarIdChirho "return"
 173..174  WhitespaceChirho " "
 174..175  LeftParenChirho "("
 175..176  RightParenChirho ")"
 176..178  WhitespaceChirho "\\n\\n"
 178..179  VarIdChirho "i"
 179..180  WhitespaceChirho " "
 180..181  VarIdChirho "x"
 181..184  WhitespaceChirho "\\n  "
 184..185  PipeChirho "|"
 185..186  WhitespaceChirho " "
 186..187  VarIdChirho "x"
 187..188  WhitespaceChirho " "
 188..189  VarSymChirho ">"
 189..190  WhitespaceChirho " "
 190..191  IntLitChirho "0"
 191..196  WhitespaceChirho "     "
 196..197  EqualsChirho "="
 197..198  WhitespaceChirho " "
 198..208  StringLitChirho "\"positive\""
 208..211  WhitespaceChirho "\\n  "
 211..212  PipeChirho "|"
 212..213  WhitespaceChirho " "
 213..214  VarIdChirho "x"
 214..215  WhitespaceChirho " "
 215..216  VarSymChirho "<"
 216..217  WhitespaceChirho " "
 217..218  IntLitChirho "0"
 218..223  WhitespaceChirho "     "
 223..224  EqualsChirho "="
 224..225  WhitespaceChirho " "
 225..235  StringLitChirho "\"negative\""
 235..238  WhitespaceChirho "\\n  "
 238..239  PipeChirho "|"
 239..240  WhitespaceChirho " "
 240..249  VarIdChirho "otherwise"
 249..251  WhitespaceChirho "  "
 251..252  EqualsChirho "="
 252..253  WhitespaceChirho " "
 253..259  StringLitChirho "\"zero\""
 259..260  WhitespaceChirho "\\n"
 260..260  EofChirho ""
