   0..6    ModuleChirho "module"
   7..15   ConIdChirho "Literals"
  16..21   WhereChirho "where"
  23..23   VirtualLeftBraceChirho ""
  23..33   VarIdChirho "intLiteral"
  34..35   EqualsChirho "="
  36..38   IntLitChirho "42"
  39..39   VirtualSemicolonChirho ""
  39..49   VarIdChirho "hexLiteral"
  50..51   EqualsChirho "="
  52..56   IntLitChirho "0xFF"
  57..57   VirtualSemicolonChirho ""
  57..67   VarIdChirho "octLiteral"
  68..69   EqualsChirho "="
  70..74   IntLitChirho "0o77"
  75..75   VirtualSemicolonChirho ""
  75..87   VarIdChirho "floatLiteral"
  88..89   EqualsChirho "="
  90..94   FloatLitChirho "3.14"
  95..95   VirtualSemicolonChirho ""
  95..105  VarIdChirho "sciLiteral"
 106..107  EqualsChirho "="
 108..114  FloatLitChirho "1.0e10"
 115..115  VirtualSemicolonChirho ""
 115..126  VarIdChirho "charLiteral"
 127..128  EqualsChirho "="
 129..132  CharLitChirho "'a'"
 133..133  VirtualSemicolonChirho ""
 133..144  VarIdChirho "escapedChar"
 145..146  EqualsChirho "="
 147..151  CharLitChirho "'\\n'"
 152..152  VirtualSemicolonChirho ""
 152..165  VarIdChirho "stringLiteral"
 166..167  EqualsChirho "="
 168..181  StringLitChirho "\"hello world\""
 182..182  VirtualSemicolonChirho ""
 182..199  VarIdChirho "stringWithEscapes"
 200..201  EqualsChirho "="
 202..221  StringLitChirho "\"line1\\nline2\\ttab\""
 222..222  VirtualSemicolonChirho ""
 222..231  VarIdChirho "stringGap"
 232..233  EqualsChirho "="
 234..253  StringLitChirho "\"hello \\    \\world\""
 254..254  VirtualSemicolonChirho ""
 254..265  VarIdChirho "emptyString"
 266..267  EqualsChirho "="
 268..270  StringLitChirho "\"\""
 271..271  VirtualRightBraceChirho ""
 271..271  EofChirho ""
