   0..6    ModuleChirho "module"
   6..7    WhitespaceChirho " "
   7..15   ConIdChirho "Literals"
  15..16   WhitespaceChirho " "
  16..21   WhereChirho "where"
  21..23   WhitespaceChirho "\\n\\n"
  23..33   VarIdChirho "intLiteral"
  33..34   WhitespaceChirho " "
  34..35   EqualsChirho "="
  35..36   WhitespaceChirho " "
  36..38   IntLitChirho "42"
  38..39   WhitespaceChirho "\\n"
  39..49   VarIdChirho "hexLiteral"
  49..50   WhitespaceChirho " "
  50..51   EqualsChirho "="
  51..52   WhitespaceChirho " "
  52..56   IntLitChirho "0xFF"
  56..57   WhitespaceChirho "\\n"
  57..67   VarIdChirho "octLiteral"
  67..68   WhitespaceChirho " "
  68..69   EqualsChirho "="
  69..70   WhitespaceChirho " "
  70..74   IntLitChirho "0o77"
  74..75   WhitespaceChirho "\\n"
  75..87   VarIdChirho "floatLiteral"
  87..88   WhitespaceChirho " "
  88..89   EqualsChirho "="
  89..90   WhitespaceChirho " "
  90..94   FloatLitChirho "3.14"
  94..95   WhitespaceChirho "\\n"
  95..105  VarIdChirho "sciLiteral"
 105..106  WhitespaceChirho " "
 106..107  EqualsChirho "="
 107..108  WhitespaceChirho " "
 108..114  FloatLitChirho "1.0e10"
 114..115  WhitespaceChirho "\\n"
 115..126  VarIdChirho "charLiteral"
 126..127  WhitespaceChirho " "
 127..128  EqualsChirho "="
 128..129  WhitespaceChirho " "
 129..132  CharLitChirho "'a'"
 132..133  WhitespaceChirho "\\n"
 133..144  VarIdChirho "escapedChar"
 144..145  WhitespaceChirho " "
 145..146  EqualsChirho "="
 146..147  WhitespaceChirho " "
 147..151  CharLitChirho "'\\n'"
 151..152  WhitespaceChirho "\\n"
 152..165  VarIdChirho "stringLiteral"
 165..166  WhitespaceChirho " "
 166..167  EqualsChirho "="
 167..168  WhitespaceChirho " "
 168..181  StringLitChirho "\"hello world\""
 181..182  WhitespaceChirho "\\n"
 182..199  VarIdChirho "stringWithEscapes"
 199..200  WhitespaceChirho " "
 200..201  EqualsChirho "="
 201..202  WhitespaceChirho " "
 202..221  StringLitChirho "\"line1\\nline2\\ttab\""
 221..222  WhitespaceChirho "\\n"
 222..231  VarIdChirho "stringGap"
 231..232  WhitespaceChirho " "
 232..233  EqualsChirho "="
 233..234  WhitespaceChirho " "
 234..253  StringLitChirho "\"hello \\    \\world\""
 253..254  WhitespaceChirho "\\n"
 254..265  VarIdChirho "emptyString"
 265..266  WhitespaceChirho " "
 266..267  EqualsChirho "="
 267..268  WhitespaceChirho " "
 268..270  StringLitChirho "\"\""
 270..271  WhitespaceChirho "\\n"
 271..271  EofChirho ""
