   0..6    ModuleChirho "module"
   6..7    WhitespaceChirho " "
   7..16   ConIdChirho "Operators"
  16..17   WhitespaceChirho " "
  17..22   WhereChirho "where"
  22..24   WhitespaceChirho "\\n\\n"
  24..30   InfixlChirho "infixl"
  30..31   WhitespaceChirho " "
  31..32   IntLitChirho "6"
  32..33   WhitespaceChirho " "
  33..35   VarSymChirho "+!"
  35..36   WhitespaceChirho "\\n"
  36..42   InfixrChirho "infixr"
  42..43   WhitespaceChirho " "
  43..44   IntLitChirho "5"
  44..45   WhitespaceChirho " "
  45..47   VarSymChirho ".:"
  47..49   WhitespaceChirho "\\n\\n"
  49..50   LeftParenChirho "("
  50..52   VarSymChirho "+!"
  52..53   RightParenChirho ")"
  53..54   WhitespaceChirho " "
  54..56   ColonColonChirho "::"
  56..57   WhitespaceChirho " "
  57..60   ConIdChirho "Int"
  60..61   WhitespaceChirho " "
  61..63   RightArrowChirho "->"
  63..64   WhitespaceChirho " "
  64..67   ConIdChirho "Int"
  67..68   WhitespaceChirho " "
  68..70   RightArrowChirho "->"
  70..71   WhitespaceChirho " "
  71..74   ConIdChirho "Int"
  74..75   WhitespaceChirho "\\n"
  75..76   VarIdChirho "x"
  76..77   WhitespaceChirho " "
  77..79   VarSymChirho "+!"
  79..80   WhitespaceChirho " "
  80..81   VarIdChirho "y"
  81..82   WhitespaceChirho " "
  82..83   EqualsChirho "="
  83..84   WhitespaceChirho " "
  84..85   VarIdChirho "x"
  85..86   WhitespaceChirho " "
  86..87   VarSymChirho "+"
  87..88   WhitespaceChirho " "
  88..89   VarIdChirho "y"
  89..90   WhitespaceChirho " "
  90..91   VarSymChirho "+"
  91..92   WhitespaceChirho " "
  92..93   IntLitChirho "1"
  93..95   WhitespaceChirho "\\n\\n"
  95..96   LeftParenChirho "("
  96..98   VarSymChirho ".:"
  98..99   RightParenChirho ")"
  99..100  WhitespaceChirho " "
 100..102  ColonColonChirho "::"
 102..103  WhitespaceChirho " "
 103..104  LeftParenChirho "("
 104..105  VarIdChirho "b"
 105..106  WhitespaceChirho " "
 106..108  RightArrowChirho "->"
 108..109  WhitespaceChirho " "
 109..110  VarIdChirho "c"
 110..111  RightParenChirho ")"
 111..112  WhitespaceChirho " "
 112..114  RightArrowChirho "->"
 114..115  WhitespaceChirho " "
 115..116  LeftParenChirho "("
 116..118  VarIdChirho "a1"
 118..119  WhitespaceChirho " "
 119..121  RightArrowChirho "->"
 121..122  WhitespaceChirho " "
 122..124  VarIdChirho "a2"
 124..125  WhitespaceChirho " "
 125..127  RightArrowChirho "->"
 127..128  WhitespaceChirho " "
 128..129  VarIdChirho "b"
 129..130  RightParenChirho ")"
 130..131  WhitespaceChirho " "
 131..133  RightArrowChirho "->"
 133..134  WhitespaceChirho " "
 134..136  VarIdChirho "a1"
 136..137  WhitespaceChirho " "
 137..139  RightArrowChirho "->"
 139..140  WhitespaceChirho " "
 140..142  VarIdChirho "a2"
 142..143  WhitespaceChirho " "
 143..145  RightArrowChirho "->"
 145..146  WhitespaceChirho " "
 146..147  VarIdChirho "c"
 147..148  WhitespaceChirho "\\n"
 148..149  LeftParenChirho "("
 149..151  VarSymChirho ".:"
 151..152  RightParenChirho ")"
 152..153  WhitespaceChirho " "
 153..154  EqualsChirho "="
 154..155  WhitespaceChirho " "
 155..156  LeftParenChirho "("
 156..157  VarSymChirho "."
 157..158  RightParenChirho ")"
 158..159  WhitespaceChirho " "
 159..160  VarSymChirho "."
 160..161  WhitespaceChirho " "
 161..162  LeftParenChirho "("
 162..163  VarSymChirho "."
 163..164  RightParenChirho ")"
 164..166  WhitespaceChirho "\\n\\n"
 166..172  VarIdChirho "result"
 172..173  WhitespaceChirho " "
 173..174  EqualsChirho "="
 174..175  WhitespaceChirho " "
 175..176  IntLitChirho "1"
 176..177  WhitespaceChirho " "
 177..179  VarSymChirho "+!"
 179..180  WhitespaceChirho " "
 180..181  IntLitChirho "2"
 181..182  WhitespaceChirho "\\n"
 182..190  VarIdChirho "composed"
 190..191  WhitespaceChirho " "
 191..192  EqualsChirho "="
 192..193  WhitespaceChirho " "
 193..197  VarIdChirho "show"
 197..198  WhitespaceChirho " "
 198..200  VarSymChirho ".:"
 200..201  WhitespaceChirho " "
 201..202  LeftParenChirho "("
 202..203  VarSymChirho "+"
 203..204  RightParenChirho ")"
 204..206  WhitespaceChirho "\\n\\n"
 206..215  VarIdChirho "qualified"
 215..216  WhitespaceChirho " "
 216..217  EqualsChirho "="
 217..218  WhitespaceChirho " "
 218..232  QualifiedIdChirho "Data.List.sort"
 232..233  WhitespaceChirho " "
 233..234  LeftBracketChirho "["
 234..235  IntLitChirho "3"
 235..236  CommaChirho ","
 236..237  WhitespaceChirho " "
 237..238  IntLitChirho "1"
 238..239  CommaChirho ","
 239..240  WhitespaceChirho " "
 240..241  IntLitChirho "2"
 241..242  RightBracketChirho "]"
 242..243  WhitespaceChirho "\\n"
 243..243  EofChirho ""
