   0..6    ModuleChirho "module"
   7..16   ConIdChirho "Operators"
  17..22   WhereChirho "where"
  24..24   VirtualLeftBraceChirho ""
  24..30   InfixlChirho "infixl"
  31..32   IntLitChirho "6"
  33..35   VarSymChirho "+!"
  36..36   VirtualSemicolonChirho ""
  36..42   InfixrChirho "infixr"
  43..44   IntLitChirho "5"
  45..47   VarSymChirho ".:"
  49..49   VirtualSemicolonChirho ""
  49..50   LeftParenChirho "("
  50..52   VarSymChirho "+!"
  52..53   RightParenChirho ")"
  54..56   ColonColonChirho "::"
  57..60   ConIdChirho "Int"
  61..63   RightArrowChirho "->"
  64..67   ConIdChirho "Int"
  68..70   RightArrowChirho "->"
  71..74   ConIdChirho "Int"
  75..75   VirtualSemicolonChirho ""
  75..76   VarIdChirho "x"
  77..79   VarSymChirho "+!"
  80..81   VarIdChirho "y"
  82..83   EqualsChirho "="
  84..85   VarIdChirho "x"
  86..87   VarSymChirho "+"
  88..89   VarIdChirho "y"
  90..91   VarSymChirho "+"
  92..93   IntLitChirho "1"
  95..95   VirtualSemicolonChirho ""
  95..96   LeftParenChirho "("
  96..98   VarSymChirho ".:"
  98..99   RightParenChirho ")"
 100..102  ColonColonChirho "::"
 103..104  LeftParenChirho "("
 104..105  VarIdChirho "b"
 106..108  RightArrowChirho "->"
 109..110  VarIdChirho "c"
 110..111  RightParenChirho ")"
 112..114  RightArrowChirho "->"
 115..116  LeftParenChirho "("
 116..118  VarIdChirho "a1"
 119..121  RightArrowChirho "->"
 122..124  VarIdChirho "a2"
 125..127  RightArrowChirho "->"
 128..129  VarIdChirho "b"
 129..130  RightParenChirho ")"
 131..133  RightArrowChirho "->"
 134..136  VarIdChirho "a1"
 137..139  RightArrowChirho "->"
 140..142  VarIdChirho "a2"
 143..145  RightArrowChirho "->"
 146..147  VarIdChirho "c"
 148..148  VirtualSemicolonChirho ""
 148..149  LeftParenChirho "("
 149..151  VarSymChirho ".:"
 151..152  RightParenChirho ")"
 153..154  EqualsChirho "="
 155..156  LeftParenChirho "("
 156..157  VarSymChirho "."
 157..158  RightParenChirho ")"
 159..160  VarSymChirho "."
 161..162  LeftParenChirho "("
 162..163  VarSymChirho "."
 163..164  RightParenChirho ")"
 166..166  VirtualSemicolonChirho ""
 166..172  VarIdChirho "result"
 173..174  EqualsChirho "="
 175..176  IntLitChirho "1"
 177..179  VarSymChirho "+!"
 180..181  IntLitChirho "2"
 182..182  VirtualSemicolonChirho ""
 182..190  VarIdChirho "composed"
 191..192  EqualsChirho "="
 193..197  VarIdChirho "show"
 198..200  VarSymChirho ".:"
 201..202  LeftParenChirho "("
 202..203  VarSymChirho "+"
 203..204  RightParenChirho ")"
 206..206  VirtualSemicolonChirho ""
 206..215  VarIdChirho "qualified"
 216..217  EqualsChirho "="
 218..232  QualifiedIdChirho "Data.List.sort"
 233..234  LeftBracketChirho "["
 234..235  IntLitChirho "3"
 235..236  CommaChirho ","
 237..238  IntLitChirho "1"
 238..239  CommaChirho ","
 240..241  IntLitChirho "2"
 241..242  RightBracketChirho "]"
 243..243  VirtualRightBraceChirho ""
 243..243  EofChirho ""
