   0..6    ModuleChirho "module"
   7..11   ConIdChirho "Main"
  12..17   WhereChirho "where"
  19..19   VirtualLeftBraceChirho ""
  19..23   VarIdChirho "main"
  24..26   ColonColonChirho "::"
  27..29   ConIdChirho "IO"
  30..31   LeftParenChirho "("
  31..32   RightParenChirho ")"
  33..33   VirtualSemicolonChirho ""
  33..37   VarIdChirho "main"
  38..39   EqualsChirho "="
  40..48   VarIdChirho "putStrLn"
  49..64   StringLitChirho "\"Hello, world!\""
  65..65   VirtualRightBraceChirho ""
  65..65   EofChirho ""
