   0..6    ModuleChirho "module"
   6..7    WhitespaceChirho " "
   7..11   ConIdChirho "Main"
  11..12   WhitespaceChirho " "
  12..17   WhereChirho "where"
  17..19   WhitespaceChirho "\\n\\n"
  19..23   VarIdChirho "main"
  23..24   WhitespaceChirho " "
  24..26   ColonColonChirho "::"
  26..27   WhitespaceChirho " "
  27..29   ConIdChirho "IO"
  29..30   WhitespaceChirho " "
  30..31   LeftParenChirho "("
  31..32   RightParenChirho ")"
  32..33   WhitespaceChirho "\\n"
  33..37   VarIdChirho "main"
  37..38   WhitespaceChirho " "
  38..39   EqualsChirho "="
  39..40   WhitespaceChirho " "
  40..48   VarIdChirho "putStrLn"
  48..49   WhitespaceChirho " "
  49..64   StringLitChirho "\"Hello, world!\""
  64..65   WhitespaceChirho "\\n"
  65..65   EofChirho ""
