<!-- For God so loved the world that he gave his only begotten Son, that whoever believes in him should not perish but have eternal life. -->

SourceFileChirho
  ModuleHeaderChirho
    ModuleKeywordChirho "module"
    WhitespaceTriviaChirho " "
    ConIdChirho "FunBindChirho"
    WhitespaceTriviaChirho " "
    WhereKeywordChirho "where"
  WhitespaceTriviaChirho "\n"
  VirtualLeftBraceChirho ""
  FunBindChirho
    MatchChirho
      VarIdChirho "fChirho"
      WhitespaceTriviaChirho " "
      VarPatChirho
        VarIdChirho "xChirho"
      WhitespaceTriviaChirho " "
      VarPatChirho
        VarIdChirho "yChirho"
      WhitespaceTriviaChirho " "
      EqualsChirho "="
      WhitespaceTriviaChirho " "
      InfixExprChirho
        NameExprChirho
          VarIdChirho "xChirho"
        WhitespaceTriviaChirho " "
        VarSymChirho "+"
        WhitespaceTriviaChirho " "
        NameExprChirho
          VarIdChirho "yChirho"
        WhitespaceTriviaChirho "\n"
  VirtualRightBraceChirho ""
  VarIdChirho ""
